// Jest Snapshot v1, https://goo.gl/fbAQLP

exports[`should render screen correctly 1`] = `
<RCTSafeAreaView
  emulateUnlessSupported={true}
  style={
    Array [
      Object {},
    ]
  }
>
  <Text>
    Ola Mundo
  </Text>
</RCTSafeAreaView>
`;
