// Jest Snapshot v1, https://goo.gl/fbAQLP

exports[`should render correctly 1`] = `
<Text
  align="left"
  colorLabel="#333"
  size="large"
  strong={false}
  style={
    Array [
      Object {
        "color": "#333",
        "fontFamily": "Poppins-Regular",
        "fontSize": 24,
        "marginTop": 18,
        "textAlign": "left",
      },
    ]
  }
>
  Titulo
</Text>
`;
